Analysis & Synthesis report for display_divider
Wed Oct 30 18:47:09 2024
Quartus Prime Version 23.1std.1 Build 993 05/14/2024 SC Standard Edition


---------------------
; Table of Contents ;
---------------------
  1. Legal Notice
  2. Analysis & Synthesis Summary
  3. Analysis & Synthesis Settings
  4. Parallel Compilation
  5. Analysis & Synthesis Source Files Read
  6. Analysis & Synthesis Resource Usage Summary
  7. Analysis & Synthesis Resource Utilization by Entity
  8. Registers Removed During Synthesis
  9. Removed Registers Triggering Further Register Optimizations
 10. General Register Statistics
 11. Parameter Settings for User Entity Instance: divider:dut|comparator:looping_comparator
 12. Port Connectivity Checks: "divider:dut|comparator:looping_comparator"
 13. Port Connectivity Checks: "divider:dut"
 14. Post-Synthesis Netlist Statistics for Top Partition
 15. Elapsed Time Per Partition
 16. Analysis & Synthesis Messages



----------------
; Legal Notice ;
----------------
Copyright (C) 2024  Intel Corporation. All rights reserved.
Your use of Intel Corporation's design tools, logic functions 
and other software and tools, and any partner logic 
functions, and any output files from any of the foregoing 
(including device programming or simulation files), and any 
associated documentation or information are expressly subject 
to the terms and conditions of the Intel Program License 
Subscription Agreement, the Intel Quartus Prime License Agreement,
the Intel FPGA IP License Agreement, or other applicable license
agreement, including, without limitation, that your use is for
the sole purpose of programming logic devices manufactured by
Intel and sold by Intel or its authorized distributors.  Please
refer to the applicable agreement for further details, at
https://fpgasoftware.intel.com/eula.



+-----------------------------------------------------------------------------------------+
; Analysis & Synthesis Summary                                                            ;
+------------------------------------+----------------------------------------------------+
; Analysis & Synthesis Status        ; Successful - Wed Oct 30 18:47:09 2024              ;
; Quartus Prime Version              ; 23.1std.1 Build 993 05/14/2024 SC Standard Edition ;
; Revision Name                      ; display_divider                                    ;
; Top-level Entity Name              ; display_divider                                    ;
; Family                             ; Cyclone IV E                                       ;
; Total logic elements               ; 0                                                  ;
;     Total combinational functions  ; 0                                                  ;
;     Dedicated logic registers      ; 0                                                  ;
; Total registers                    ; 0                                                  ;
; Total pins                         ; 35                                                 ;
; Total virtual pins                 ; 0                                                  ;
; Total memory bits                  ; 0                                                  ;
; Embedded Multiplier 9-bit elements ; 0                                                  ;
; Total PLLs                         ; 0                                                  ;
+------------------------------------+----------------------------------------------------+


+------------------------------------------------------------------------------------------------------------+
; Analysis & Synthesis Settings                                                                              ;
+------------------------------------------------------------------+--------------------+--------------------+
; Option                                                           ; Setting            ; Default Value      ;
+------------------------------------------------------------------+--------------------+--------------------+
; Device                                                           ; EP4CE115F29C7      ;                    ;
; Top-level entity name                                            ; display_divider    ; display_divider    ;
; Family name                                                      ; Cyclone IV E       ; Cyclone V          ;
; Use smart compilation                                            ; Off                ; Off                ;
; Enable parallel Assembler and Timing Analyzer during compilation ; On                 ; On                 ;
; Enable compact report table                                      ; Off                ; Off                ;
; Restructure Multiplexers                                         ; Auto               ; Auto               ;
; Create Debugging Nodes for IP Cores                              ; Off                ; Off                ;
; Preserve fewer node names                                        ; On                 ; On                 ;
; Intel FPGA IP Evaluation Mode                                    ; Enable             ; Enable             ;
; Verilog Version                                                  ; Verilog_2001       ; Verilog_2001       ;
; VHDL Version                                                     ; VHDL_1993          ; VHDL_1993          ;
; State Machine Processing                                         ; Auto               ; Auto               ;
; Safe State Machine                                               ; Off                ; Off                ;
; Extract Verilog State Machines                                   ; On                 ; On                 ;
; Extract VHDL State Machines                                      ; On                 ; On                 ;
; Ignore Verilog initial constructs                                ; Off                ; Off                ;
; Iteration limit for constant Verilog loops                       ; 5000               ; 5000               ;
; Iteration limit for non-constant Verilog loops                   ; 250                ; 250                ;
; Add Pass-Through Logic to Inferred RAMs                          ; On                 ; On                 ;
; Infer RAMs from Raw Logic                                        ; On                 ; On                 ;
; Parallel Synthesis                                               ; On                 ; On                 ;
; DSP Block Balancing                                              ; Auto               ; Auto               ;
; NOT Gate Push-Back                                               ; On                 ; On                 ;
; Power-Up Don't Care                                              ; On                 ; On                 ;
; Remove Redundant Logic Cells                                     ; Off                ; Off                ;
; Remove Duplicate Registers                                       ; On                 ; On                 ;
; Ignore CARRY Buffers                                             ; Off                ; Off                ;
; Ignore CASCADE Buffers                                           ; Off                ; Off                ;
; Ignore GLOBAL Buffers                                            ; Off                ; Off                ;
; Ignore ROW GLOBAL Buffers                                        ; Off                ; Off                ;
; Ignore LCELL Buffers                                             ; Off                ; Off                ;
; Ignore SOFT Buffers                                              ; On                 ; On                 ;
; Limit AHDL Integers to 32 Bits                                   ; Off                ; Off                ;
; Optimization Technique                                           ; Balanced           ; Balanced           ;
; Carry Chain Length                                               ; 70                 ; 70                 ;
; Auto Carry Chains                                                ; On                 ; On                 ;
; Auto Open-Drain Pins                                             ; On                 ; On                 ;
; Perform WYSIWYG Primitive Resynthesis                            ; Off                ; Off                ;
; Auto ROM Replacement                                             ; On                 ; On                 ;
; Auto RAM Replacement                                             ; On                 ; On                 ;
; Auto DSP Block Replacement                                       ; On                 ; On                 ;
; Auto Shift Register Replacement                                  ; Auto               ; Auto               ;
; Allow Shift Register Merging across Hierarchies                  ; Auto               ; Auto               ;
; Auto Clock Enable Replacement                                    ; On                 ; On                 ;
; Strict RAM Replacement                                           ; Off                ; Off                ;
; Allow Synchronous Control Signals                                ; On                 ; On                 ;
; Force Use of Synchronous Clear Signals                           ; Off                ; Off                ;
; Auto RAM Block Balancing                                         ; On                 ; On                 ;
; Auto RAM to Logic Cell Conversion                                ; Off                ; Off                ;
; Auto Resource Sharing                                            ; Off                ; Off                ;
; Allow Any RAM Size For Recognition                               ; Off                ; Off                ;
; Allow Any ROM Size For Recognition                               ; Off                ; Off                ;
; Allow Any Shift Register Size For Recognition                    ; Off                ; Off                ;
; Use LogicLock Constraints during Resource Balancing              ; On                 ; On                 ;
; Ignore translate_off and synthesis_off directives                ; Off                ; Off                ;
; Timing-Driven Synthesis                                          ; On                 ; On                 ;
; Report Parameter Settings                                        ; On                 ; On                 ;
; Report Source Assignments                                        ; On                 ; On                 ;
; Report Connectivity Checks                                       ; On                 ; On                 ;
; Ignore Maximum Fan-Out Assignments                               ; Off                ; Off                ;
; Synchronization Register Chain Length                            ; 2                  ; 2                  ;
; Power Optimization During Synthesis                              ; Normal compilation ; Normal compilation ;
; HDL message level                                                ; Level2             ; Level2             ;
; Suppress Register Optimization Related Messages                  ; Off                ; Off                ;
; Number of Removed Registers Reported in Synthesis Report         ; 5000               ; 5000               ;
; Number of Swept Nodes Reported in Synthesis Report               ; 5000               ; 5000               ;
; Number of Inverted Registers Reported in Synthesis Report        ; 100                ; 100                ;
; Clock MUX Protection                                             ; On                 ; On                 ;
; Auto Gated Clock Conversion                                      ; Off                ; Off                ;
; Block Design Naming                                              ; Auto               ; Auto               ;
; SDC constraint protection                                        ; Off                ; Off                ;
; Synthesis Effort                                                 ; Auto               ; Auto               ;
; Shift Register Replacement - Allow Asynchronous Clear Signal     ; On                 ; On                 ;
; Pre-Mapping Resynthesis Optimization                             ; Off                ; Off                ;
; Analysis & Synthesis Message Level                               ; Medium             ; Medium             ;
; Disable Register Merging Across Hierarchies                      ; Auto               ; Auto               ;
; Resource Aware Inference For Block RAM                           ; On                 ; On                 ;
+------------------------------------------------------------------+--------------------+--------------------+


+------------------------------------------+
; Parallel Compilation                     ;
+----------------------------+-------------+
; Processors                 ; Number      ;
+----------------------------+-------------+
; Number detected on machine ; 12          ;
; Maximum allowed            ; 6           ;
;                            ;             ;
; Average used               ; 1.00        ;
; Maximum used               ; 1           ;
;                            ;             ;
; Usage by Processor         ; % Time Used ;
;     Processor 1            ; 100.0%      ;
+----------------------------+-------------+


+-------------------------------------------------------------------------------------------------------------------------------------------------------------------------------------------------------+
; Analysis & Synthesis Source Files Read                                                                                                                                                                ;
+----------------------------------+-----------------+-----------------+----------------------------------------------------------------------------------------------------------------------+---------+
; File Name with User-Entered Path ; Used in Netlist ; File Type       ; File Name with Absolute Path                                                                                         ; Library ;
+----------------------------------+-----------------+-----------------+----------------------------------------------------------------------------------------------------------------------+---------+
; leddcd.vhd                       ; yes             ; User VHDL File  ; C:/Users/joshu/OneDrive/Documents/Masters-Northwestern/Masters_Fall/CE-355/lab3-ce355/lab3-ce355/leddcd.vhd          ;         ;
; decoder.vhd                      ; yes             ; User VHDL File  ; C:/Users/joshu/OneDrive/Documents/Masters-Northwestern/Masters_Fall/CE-355/lab3-ce355/lab3-ce355/decoder.vhd         ;         ;
; display_divider.vhd              ; yes             ; User VHDL File  ; C:/Users/joshu/OneDrive/Documents/Masters-Northwestern/Masters_Fall/CE-355/lab3-ce355/lab3-ce355/display_divider.vhd ;         ;
; comparator.vhd                   ; yes             ; User VHDL File  ; C:/Users/joshu/OneDrive/Documents/Masters-Northwestern/Masters_Fall/CE-355/lab3-ce355/lab3-ce355/comparator.vhd      ;         ;
; divider_const.vhd                ; yes             ; User VHDL File  ; C:/Users/joshu/OneDrive/Documents/Masters-Northwestern/Masters_Fall/CE-355/lab3-ce355/lab3-ce355/divider_const.vhd   ;         ;
; divider.vhd                      ; yes             ; User VHDL File  ; C:/Users/joshu/OneDrive/Documents/Masters-Northwestern/Masters_Fall/CE-355/lab3-ce355/lab3-ce355/divider.vhd         ;         ;
+----------------------------------+-----------------+-----------------+----------------------------------------------------------------------------------------------------------------------+---------+


+-----------------------------------------------------+
; Analysis & Synthesis Resource Usage Summary         ;
+---------------------------------------------+-------+
; Resource                                    ; Usage ;
+---------------------------------------------+-------+
;                                             ;       ;
; Total combinational functions               ; 0     ;
; Logic element usage by number of LUT inputs ;       ;
;     -- 4 input functions                    ; 0     ;
;     -- 3 input functions                    ; 0     ;
;     -- <=2 input functions                  ; 0     ;
;                                             ;       ;
; Logic elements by mode                      ;       ;
;     -- normal mode                          ; 0     ;
;     -- arithmetic mode                      ; 0     ;
;                                             ;       ;
; Total registers                             ; 0     ;
;     -- Dedicated logic registers            ; 0     ;
;     -- I/O registers                        ; 0     ;
;                                             ;       ;
; I/O pins                                    ; 35    ;
;                                             ;       ;
; Embedded Multiplier 9-bit elements          ; 0     ;
;                                             ;       ;
; Maximum fan-out node                        ; start ;
; Maximum fan-out                             ; 1     ;
; Total fan-out                               ; 35    ;
; Average fan-out                             ; 0.50  ;
+---------------------------------------------+-------+


+--------------------------------------------------------------------------------------------------------------------------------------------------------------------------------------------------------------+
; Analysis & Synthesis Resource Utilization by Entity                                                                                                                                                          ;
+----------------------------+---------------------+---------------------------+-------------+--------------+---------+-----------+------+--------------+---------------------+-----------------+--------------+
; Compilation Hierarchy Node ; Combinational ALUTs ; Dedicated Logic Registers ; Memory Bits ; DSP Elements ; DSP 9x9 ; DSP 18x18 ; Pins ; Virtual Pins ; Full Hierarchy Name ; Entity Name     ; Library Name ;
+----------------------------+---------------------+---------------------------+-------------+--------------+---------+-----------+------+--------------+---------------------+-----------------+--------------+
; |display_divider           ; 0 (0)               ; 0 (0)                     ; 0           ; 0            ; 0       ; 0         ; 35   ; 0            ; |display_divider    ; display_divider ; work         ;
+----------------------------+---------------------+---------------------------+-------------+--------------+---------+-----------+------+--------------+---------------------+-----------------+--------------+
Note: For table entries with two numbers listed, the numbers in parentheses indicate the number of resources of the given type used by the specific entity alone. The numbers listed outside of parentheses indicate the total resources of the given type used by the specific entity and all of its sub-entities in the hierarchy.


+-------------------------------------------------------------------------------+
; Registers Removed During Synthesis                                            ;
+----------------------------------------+--------------------------------------+
; Register name                          ; Reason for Removal                   ;
+----------------------------------------+--------------------------------------+
; divider:dut|quotient_out[0]            ; Stuck at GND due to stuck port clock ;
; divider:dut|counter[0..11]             ; Stuck at GND due to stuck port clock ;
; divider:dut|zext_dividend[8..11]       ; Stuck at GND due to stuck port clock ;
; divider:dut|zext_divisor[0..7]         ; Stuck at GND due to stuck port clock ;
; divider:dut|quotient[0..7]             ; Stuck at GND due to stuck port clock ;
; divider:dut|remainder[1..3]            ; Stuck at GND due to stuck port clock ;
; divider:dut|quotient_out[1..7]         ; Stuck at GND due to stuck port clock ;
; divider:dut|remainder[0]               ; Stuck at GND due to stuck port clock ;
; divider:dut|zext_dividend[0..7]        ; Lost fanout                          ;
; divider:dut|zext_divisor[8..11]        ; Lost fanout                          ;
; Total Number of Removed Registers = 56 ;                                      ;
+----------------------------------------+--------------------------------------+


+---------------------------------------------------------------------------------------------------------------------------------------------+
; Removed Registers Triggering Further Register Optimizations                                                                                 ;
+-------------------------------+-------------------------+-----------------------------------------------------------------------------------+
; Register name                 ; Reason for Removal      ; Registers Removed due to This Register                                            ;
+-------------------------------+-------------------------+-----------------------------------------------------------------------------------+
; divider:dut|zext_divisor[7]   ; Stuck at GND            ; divider:dut|zext_divisor[6], divider:dut|zext_divisor[5],                         ;
;                               ; due to stuck port clock ; divider:dut|zext_divisor[4], divider:dut|zext_divisor[3],                         ;
;                               ;                         ; divider:dut|zext_divisor[2], divider:dut|zext_divisor[1],                         ;
;                               ;                         ; divider:dut|zext_divisor[0], divider:dut|remainder[3], divider:dut|remainder[2],  ;
;                               ;                         ; divider:dut|remainder[1], divider:dut|remainder[0], divider:dut|zext_dividend[3], ;
;                               ;                         ; divider:dut|zext_dividend[2], divider:dut|zext_dividend[1],                       ;
;                               ;                         ; divider:dut|zext_dividend[0]                                                      ;
; divider:dut|counter[11]       ; Stuck at GND            ; divider:dut|quotient[7], divider:dut|quotient[6], divider:dut|quotient[5],        ;
;                               ; due to stuck port clock ; divider:dut|quotient[4], divider:dut|quotient[3], divider:dut|quotient[2],        ;
;                               ;                         ; divider:dut|quotient[1]                                                           ;
; divider:dut|counter[2]        ; Stuck at GND            ; divider:dut|quotient_out[7], divider:dut|quotient_out[6],                         ;
;                               ; due to stuck port clock ; divider:dut|quotient_out[5], divider:dut|quotient_out[4],                         ;
;                               ;                         ; divider:dut|quotient_out[3], divider:dut|quotient_out[2],                         ;
;                               ;                         ; divider:dut|quotient_out[1]                                                       ;
; divider:dut|zext_dividend[11] ; Stuck at GND            ; divider:dut|zext_divisor[11], divider:dut|zext_divisor[10],                       ;
;                               ; due to stuck port clock ; divider:dut|zext_divisor[9], divider:dut|zext_divisor[8]                          ;
; divider:dut|quotient_out[0]   ; Stuck at GND            ; divider:dut|quotient[0]                                                           ;
;                               ; due to stuck port clock ;                                                                                   ;
+-------------------------------+-------------------------+-----------------------------------------------------------------------------------+


+------------------------------------------------------+
; General Register Statistics                          ;
+----------------------------------------------+-------+
; Statistic                                    ; Value ;
+----------------------------------------------+-------+
; Total registers                              ; 0     ;
; Number of registers using Synchronous Clear  ; 0     ;
; Number of registers using Synchronous Load   ; 0     ;
; Number of registers using Asynchronous Clear ; 0     ;
; Number of registers using Asynchronous Load  ; 0     ;
; Number of registers using Clock Enable       ; 0     ;
; Number of registers using Preset             ; 0     ;
+----------------------------------------------+-------+


+----------------------------------------------------------------------------------------+
; Parameter Settings for User Entity Instance: divider:dut|comparator:looping_comparator ;
+----------------+-------+---------------------------------------------------------------+
; Parameter Name ; Value ; Type                                                          ;
+----------------+-------+---------------------------------------------------------------+
; data_width     ; 12    ; Signed Integer                                                ;
+----------------+-------+---------------------------------------------------------------+
Note: In order to hide this table in the UI and the text report file, please set the "Show Parameter Settings in Synthesis Report" option in "Analysis and Synthesis Settings -> More Settings" to "Off".


+-----------------------------------------------------------------------+
; Port Connectivity Checks: "divider:dut|comparator:looping_comparator" ;
+----------+-------+----------+-----------------------------------------+
; Port     ; Type  ; Severity ; Details                                 ;
+----------+-------+----------+-----------------------------------------+
; dinl[12] ; Input ; Info     ; Stuck at GND                            ;
+----------+-------+----------+-----------------------------------------+


+------------------------------------------------------------------------------------------------------------------------------------------------------------------------+
; Port Connectivity Checks: "divider:dut"                                                                                                                                ;
+------+-------+----------+----------------------------------------------------------------------------------------------------------------------------------------------+
; Port ; Type  ; Severity ; Details                                                                                                                                      ;
+------+-------+----------+----------------------------------------------------------------------------------------------------------------------------------------------+
; clk  ; Input ; Warning  ; Declared by entity but not connected by instance. If a default value exists, it will be used.  Otherwise, the port will be connected to GND. ;
+------+-------+----------+----------------------------------------------------------------------------------------------------------------------------------------------+


+-----------------------------------------------------+
; Post-Synthesis Netlist Statistics for Top Partition ;
+-----------------------+-----------------------------+
; Type                  ; Count                       ;
+-----------------------+-----------------------------+
; boundary_port         ; 35                          ;
; cycloneiii_lcell_comb ; 2                           ;
;     normal            ; 2                           ;
;         0 data inputs ; 2                           ;
;                       ;                             ;
; Max LUT depth         ; 0.00                        ;
; Average LUT depth     ; 0.00                        ;
+-----------------------+-----------------------------+


+-------------------------------+
; Elapsed Time Per Partition    ;
+----------------+--------------+
; Partition Name ; Elapsed Time ;
+----------------+--------------+
; Top            ; 00:00:00     ;
+----------------+--------------+


+-------------------------------+
; Analysis & Synthesis Messages ;
+-------------------------------+
Info: *******************************************************************
Info: Running Quartus Prime Analysis & Synthesis
    Info: Version 23.1std.1 Build 993 05/14/2024 SC Standard Edition
    Info: Processing started: Wed Oct 30 18:47:00 2024
Info: Command: quartus_map --read_settings_files=on --write_settings_files=off display_divider -c display_divider
Warning (18236): Number of processors has not been specified which may cause overloading on shared machines.  Set the global assignment NUM_PARALLEL_PROCESSORS in your QSF to an appropriate value for best performance.
Info (20030): Parallel compilation is enabled and will use 6 of the 6 processors detected
Info (12021): Found 2 design units, including 1 entities, in source file leddcd.vhd
    Info (12022): Found design unit 1: leddcd-data_flow File: C:/Users/joshu/OneDrive/Documents/Masters-Northwestern/Masters_Fall/CE-355/lab3-ce355/lab3-ce355/leddcd.vhd Line: 10
    Info (12023): Found entity 1: leddcd File: C:/Users/joshu/OneDrive/Documents/Masters-Northwestern/Masters_Fall/CE-355/lab3-ce355/lab3-ce355/leddcd.vhd Line: 4
Info (12021): Found 2 design units, including 0 entities, in source file decoder.vhd
    Info (12022): Found design unit 1: decoder File: C:/Users/joshu/OneDrive/Documents/Masters-Northwestern/Masters_Fall/CE-355/lab3-ce355/lab3-ce355/decoder.vhd Line: 4
    Info (12022): Found design unit 2: decoder-body File: C:/Users/joshu/OneDrive/Documents/Masters-Northwestern/Masters_Fall/CE-355/lab3-ce355/lab3-ce355/decoder.vhd Line: 16
Info (12021): Found 2 design units, including 1 entities, in source file display_divider.vhd
    Info (12022): Found design unit 1: display_divider-structural File: C:/Users/joshu/OneDrive/Documents/Masters-Northwestern/Masters_Fall/CE-355/lab3-ce355/lab3-ce355/display_divider.vhd Line: 20
    Info (12023): Found entity 1: display_divider File: C:/Users/joshu/OneDrive/Documents/Masters-Northwestern/Masters_Fall/CE-355/lab3-ce355/lab3-ce355/display_divider.vhd Line: 7
Info (12021): Found 2 design units, including 1 entities, in source file comparator.vhd
    Info (12022): Found design unit 1: comparator-behavioral File: C:/Users/joshu/OneDrive/Documents/Masters-Northwestern/Masters_Fall/CE-355/lab3-ce355/lab3-ce355/comparator.vhd Line: 17
    Info (12023): Found entity 1: comparator File: C:/Users/joshu/OneDrive/Documents/Masters-Northwestern/Masters_Fall/CE-355/lab3-ce355/lab3-ce355/comparator.vhd Line: 5
Info (12021): Found 2 design units, including 1 entities, in source file comparator_tb.vhd
    Info (12022): Found design unit 1: comparator_tb-testbench File: C:/Users/joshu/OneDrive/Documents/Masters-Northwestern/Masters_Fall/CE-355/lab3-ce355/lab3-ce355/comparator_tb.vhd Line: 8
    Info (12023): Found entity 1: comparator_tb File: C:/Users/joshu/OneDrive/Documents/Masters-Northwestern/Masters_Fall/CE-355/lab3-ce355/lab3-ce355/comparator_tb.vhd Line: 5
Info (12021): Found 2 design units, including 0 entities, in source file divider_const.vhd
    Info (12022): Found design unit 1: divider_const File: C:/Users/joshu/OneDrive/Documents/Masters-Northwestern/Masters_Fall/CE-355/lab3-ce355/lab3-ce355/divider_const.vhd Line: 5
    Info (12022): Found design unit 2: divider_const-body File: C:/Users/joshu/OneDrive/Documents/Masters-Northwestern/Masters_Fall/CE-355/lab3-ce355/lab3-ce355/divider_const.vhd Line: 14
Info (12021): Found 3 design units, including 1 entities, in source file divider.vhd
    Info (12022): Found design unit 1: divider-structural_combinational File: C:/Users/joshu/OneDrive/Documents/Masters-Northwestern/Masters_Fall/CE-355/lab3-ce355/lab3-ce355/divider.vhd Line: 21
    Info (12022): Found design unit 2: divider-behavioral_sequential File: C:/Users/joshu/OneDrive/Documents/Masters-Northwestern/Masters_Fall/CE-355/lab3-ce355/lab3-ce355/divider.vhd Line: 125
    Info (12023): Found entity 1: divider File: C:/Users/joshu/OneDrive/Documents/Masters-Northwestern/Masters_Fall/CE-355/lab3-ce355/lab3-ce355/divider.vhd Line: 6
Info (12021): Found 2 design units, including 1 entities, in source file divider_tb.vhd
    Info (12022): Found design unit 1: divider_tb-behavior File: C:/Users/joshu/OneDrive/Documents/Masters-Northwestern/Masters_Fall/CE-355/lab3-ce355/lab3-ce355/divider_tb.vhd Line: 11
    Info (12023): Found entity 1: divider_tb File: C:/Users/joshu/OneDrive/Documents/Masters-Northwestern/Masters_Fall/CE-355/lab3-ce355/lab3-ce355/divider_tb.vhd Line: 8
Info (12127): Elaborating entity "display_divider" for the top level hierarchy
Info (12128): Elaborating entity "divider" for hierarchy "divider:dut" File: C:/Users/joshu/OneDrive/Documents/Masters-Northwestern/Masters_Fall/CE-355/lab3-ce355/lab3-ce355/display_divider.vhd Line: 57
Warning (10492): VHDL Process Statement warning at divider.vhd(165): signal "dividend" is read inside the Process Statement but isn't in the Process Statement's sensitivity list File: C:/Users/joshu/OneDrive/Documents/Masters-Northwestern/Masters_Fall/CE-355/lab3-ce355/lab3-ce355/divider.vhd Line: 165
Warning (10492): VHDL Process Statement warning at divider.vhd(168): signal "divisor" is read inside the Process Statement but isn't in the Process Statement's sensitivity list File: C:/Users/joshu/OneDrive/Documents/Masters-Northwestern/Masters_Fall/CE-355/lab3-ce355/lab3-ce355/divider.vhd Line: 168
Warning (10631): VHDL Process Statement warning at divider.vhd(161): inferring latch(es) for signal or variable "overflow", which holds its previous value in one or more paths through the process File: C:/Users/joshu/OneDrive/Documents/Masters-Northwestern/Masters_Fall/CE-355/lab3-ce355/lab3-ce355/divider.vhd Line: 161
Info (10041): Inferred latch for "overflow" at divider.vhd(161) File: C:/Users/joshu/OneDrive/Documents/Masters-Northwestern/Masters_Fall/CE-355/lab3-ce355/lab3-ce355/divider.vhd Line: 161
Info (12128): Elaborating entity "comparator" for hierarchy "divider:dut|comparator:looping_comparator" File: C:/Users/joshu/OneDrive/Documents/Masters-Northwestern/Masters_Fall/CE-355/lab3-ce355/lab3-ce355/divider.vhd Line: 148
Info (12128): Elaborating entity "leddcd" for hierarchy "leddcd:\g1:0:nth_display" File: C:/Users/joshu/OneDrive/Documents/Masters-Northwestern/Masters_Fall/CE-355/lab3-ce355/lab3-ce355/display_divider.vhd Line: 69
Warning (12241): 1 hierarchies have connectivity warnings - see the Connectivity Checks report folder
Warning (13024): Output pins are stuck at VCC or GND
    Warning (13410): Pin "overflow" is stuck at GND File: C:/Users/joshu/OneDrive/Documents/Masters-Northwestern/Masters_Fall/CE-355/lab3-ce355/lab3-ce355/display_divider.vhd Line: 15
    Warning (13410): Pin "output_display[0]" is stuck at GND File: C:/Users/joshu/OneDrive/Documents/Masters-Northwestern/Masters_Fall/CE-355/lab3-ce355/lab3-ce355/display_divider.vhd Line: 16
    Warning (13410): Pin "output_display[1]" is stuck at GND File: C:/Users/joshu/OneDrive/Documents/Masters-Northwestern/Masters_Fall/CE-355/lab3-ce355/lab3-ce355/display_divider.vhd Line: 16
    Warning (13410): Pin "output_display[2]" is stuck at GND File: C:/Users/joshu/OneDrive/Documents/Masters-Northwestern/Masters_Fall/CE-355/lab3-ce355/lab3-ce355/display_divider.vhd Line: 16
    Warning (13410): Pin "output_display[3]" is stuck at GND File: C:/Users/joshu/OneDrive/Documents/Masters-Northwestern/Masters_Fall/CE-355/lab3-ce355/lab3-ce355/display_divider.vhd Line: 16
    Warning (13410): Pin "output_display[4]" is stuck at GND File: C:/Users/joshu/OneDrive/Documents/Masters-Northwestern/Masters_Fall/CE-355/lab3-ce355/lab3-ce355/display_divider.vhd Line: 16
    Warning (13410): Pin "output_display[5]" is stuck at GND File: C:/Users/joshu/OneDrive/Documents/Masters-Northwestern/Masters_Fall/CE-355/lab3-ce355/lab3-ce355/display_divider.vhd Line: 16
    Warning (13410): Pin "output_display[6]" is stuck at VCC File: C:/Users/joshu/OneDrive/Documents/Masters-Northwestern/Masters_Fall/CE-355/lab3-ce355/lab3-ce355/display_divider.vhd Line: 16
    Warning (13410): Pin "output_display[7]" is stuck at GND File: C:/Users/joshu/OneDrive/Documents/Masters-Northwestern/Masters_Fall/CE-355/lab3-ce355/lab3-ce355/display_divider.vhd Line: 16
    Warning (13410): Pin "output_display[8]" is stuck at GND File: C:/Users/joshu/OneDrive/Documents/Masters-Northwestern/Masters_Fall/CE-355/lab3-ce355/lab3-ce355/display_divider.vhd Line: 16
    Warning (13410): Pin "output_display[9]" is stuck at GND File: C:/Users/joshu/OneDrive/Documents/Masters-Northwestern/Masters_Fall/CE-355/lab3-ce355/lab3-ce355/display_divider.vhd Line: 16
    Warning (13410): Pin "output_display[10]" is stuck at GND File: C:/Users/joshu/OneDrive/Documents/Masters-Northwestern/Masters_Fall/CE-355/lab3-ce355/lab3-ce355/display_divider.vhd Line: 16
    Warning (13410): Pin "output_display[11]" is stuck at GND File: C:/Users/joshu/OneDrive/Documents/Masters-Northwestern/Masters_Fall/CE-355/lab3-ce355/lab3-ce355/display_divider.vhd Line: 16
    Warning (13410): Pin "output_display[12]" is stuck at GND File: C:/Users/joshu/OneDrive/Documents/Masters-Northwestern/Masters_Fall/CE-355/lab3-ce355/lab3-ce355/display_divider.vhd Line: 16
    Warning (13410): Pin "output_display[13]" is stuck at VCC File: C:/Users/joshu/OneDrive/Documents/Masters-Northwestern/Masters_Fall/CE-355/lab3-ce355/lab3-ce355/display_divider.vhd Line: 16
    Warning (13410): Pin "output_display[14]" is stuck at GND File: C:/Users/joshu/OneDrive/Documents/Masters-Northwestern/Masters_Fall/CE-355/lab3-ce355/lab3-ce355/display_divider.vhd Line: 16
    Warning (13410): Pin "output_display[15]" is stuck at GND File: C:/Users/joshu/OneDrive/Documents/Masters-Northwestern/Masters_Fall/CE-355/lab3-ce355/lab3-ce355/display_divider.vhd Line: 16
    Warning (13410): Pin "output_display[16]" is stuck at GND File: C:/Users/joshu/OneDrive/Documents/Masters-Northwestern/Masters_Fall/CE-355/lab3-ce355/lab3-ce355/display_divider.vhd Line: 16
    Warning (13410): Pin "output_display[17]" is stuck at GND File: C:/Users/joshu/OneDrive/Documents/Masters-Northwestern/Masters_Fall/CE-355/lab3-ce355/lab3-ce355/display_divider.vhd Line: 16
    Warning (13410): Pin "output_display[18]" is stuck at GND File: C:/Users/joshu/OneDrive/Documents/Masters-Northwestern/Masters_Fall/CE-355/lab3-ce355/lab3-ce355/display_divider.vhd Line: 16
    Warning (13410): Pin "output_display[19]" is stuck at GND File: C:/Users/joshu/OneDrive/Documents/Masters-Northwestern/Masters_Fall/CE-355/lab3-ce355/lab3-ce355/display_divider.vhd Line: 16
    Warning (13410): Pin "output_display[20]" is stuck at VCC File: C:/Users/joshu/OneDrive/Documents/Masters-Northwestern/Masters_Fall/CE-355/lab3-ce355/lab3-ce355/display_divider.vhd Line: 16
Info (17049): 12 registers lost all their fanouts during netlist optimizations.
Info (16010): Generating hard_block partition "hard_block:auto_generated_inst"
    Info (16011): Adding 0 node(s), including 0 DDIO, 0 PLL, 0 transceiver and 0 LCELL
Warning (21074): Design contains 13 input pin(s) that do not drive logic
    Warning (15610): No output dependent on input pin "start" File: C:/Users/joshu/OneDrive/Documents/Masters-Northwestern/Masters_Fall/CE-355/lab3-ce355/lab3-ce355/display_divider.vhd Line: 10
    Warning (15610): No output dependent on input pin "dividend[0]" File: C:/Users/joshu/OneDrive/Documents/Masters-Northwestern/Masters_Fall/CE-355/lab3-ce355/lab3-ce355/display_divider.vhd Line: 11
    Warning (15610): No output dependent on input pin "dividend[1]" File: C:/Users/joshu/OneDrive/Documents/Masters-Northwestern/Masters_Fall/CE-355/lab3-ce355/lab3-ce355/display_divider.vhd Line: 11
    Warning (15610): No output dependent on input pin "dividend[2]" File: C:/Users/joshu/OneDrive/Documents/Masters-Northwestern/Masters_Fall/CE-355/lab3-ce355/lab3-ce355/display_divider.vhd Line: 11
    Warning (15610): No output dependent on input pin "dividend[3]" File: C:/Users/joshu/OneDrive/Documents/Masters-Northwestern/Masters_Fall/CE-355/lab3-ce355/lab3-ce355/display_divider.vhd Line: 11
    Warning (15610): No output dependent on input pin "dividend[4]" File: C:/Users/joshu/OneDrive/Documents/Masters-Northwestern/Masters_Fall/CE-355/lab3-ce355/lab3-ce355/display_divider.vhd Line: 11
    Warning (15610): No output dependent on input pin "dividend[5]" File: C:/Users/joshu/OneDrive/Documents/Masters-Northwestern/Masters_Fall/CE-355/lab3-ce355/lab3-ce355/display_divider.vhd Line: 11
    Warning (15610): No output dependent on input pin "dividend[6]" File: C:/Users/joshu/OneDrive/Documents/Masters-Northwestern/Masters_Fall/CE-355/lab3-ce355/lab3-ce355/display_divider.vhd Line: 11
    Warning (15610): No output dependent on input pin "dividend[7]" File: C:/Users/joshu/OneDrive/Documents/Masters-Northwestern/Masters_Fall/CE-355/lab3-ce355/lab3-ce355/display_divider.vhd Line: 11
    Warning (15610): No output dependent on input pin "divisor[0]" File: C:/Users/joshu/OneDrive/Documents/Masters-Northwestern/Masters_Fall/CE-355/lab3-ce355/lab3-ce355/display_divider.vhd Line: 12
    Warning (15610): No output dependent on input pin "divisor[1]" File: C:/Users/joshu/OneDrive/Documents/Masters-Northwestern/Masters_Fall/CE-355/lab3-ce355/lab3-ce355/display_divider.vhd Line: 12
    Warning (15610): No output dependent on input pin "divisor[2]" File: C:/Users/joshu/OneDrive/Documents/Masters-Northwestern/Masters_Fall/CE-355/lab3-ce355/lab3-ce355/display_divider.vhd Line: 12
    Warning (15610): No output dependent on input pin "divisor[3]" File: C:/Users/joshu/OneDrive/Documents/Masters-Northwestern/Masters_Fall/CE-355/lab3-ce355/lab3-ce355/display_divider.vhd Line: 12
Info (21057): Implemented 35 device resources after synthesis - the final resource count might be different
    Info (21058): Implemented 13 input pins
    Info (21059): Implemented 22 output pins
Info: Quartus Prime Analysis & Synthesis was successful. 0 errors, 42 warnings
    Info: Peak virtual memory: 4801 megabytes
    Info: Processing ended: Wed Oct 30 18:47:09 2024
    Info: Elapsed time: 00:00:09
    Info: Total CPU time (on all processors): 00:00:19


